../Core/Src/main.c:82:5:main	32	static
../Core/Src/main.c:173:6:SystemClock_Config	88	static
../Core/Src/main.c:215:6:SystemClockOverride	80	static
../Core/Src/main.c:250:13:MX_I2C3_Init	8	static
../Core/Src/main.c:298:13:MX_LTDC_Init	112	static
../Core/Src/main.c:380:13:MX_RNG_Init	8	static
../Core/Src/main.c:407:13:MX_SPI5_Init	8	static
../Core/Src/main.c:445:13:MX_TIM2_Init	32	static
../Core/Src/main.c:496:13:MX_TIM5_Init	32	static
../Core/Src/main.c:541:13:MX_GPIO_Init	64	static
../Core/Src/main.c:725:6:Error_Handler	4	static,ignoring_inline_asm
