../Drivers/CMSIS/Include/core_cm4.h:1684:22:__NVIC_EnableIRQ	16	static,ignoring_inline_asm
../Core/Src/stmpe811.c:33:18:STMPE811_Init	16	static
../Core/Src/stmpe811.c:146:9:STMPE811_Read	24	static
../Core/Src/stmpe811.c:155:6:STMPE811_Write	16	static
../Core/Src/stmpe811.c:162:18:STMPE811_ReadTouch	24	static
../Core/Src/stmpe811.c:224:6:STMPE811_DetermineTouchPosition	16	static
../Core/Src/stmpe811.c:246:6:isSTMPE811_Ready	16	static
../Core/Src/stmpe811.c:258:6:enableInterruptSupportForTouch	32	static
../Core/Src/stmpe811.c:279:6:verifyHAL_I2C_IS_OKAY	8	static
../Core/Src/stmpe811.c:287:13:I2C3_Init	16	static
../Core/Src/stmpe811.c:312:13:I2C3_MspInit	40	static
../Core/Src/stmpe811.c:341:6:I2C3_Write	40	static
../Core/Src/stmpe811.c:350:6:I2C3_Read	32	static
../Core/Src/stmpe811.c:358:6:I2C3_MulitByteRead	32	static
../Core/Src/stmpe811.c:364:10:TM_STMPE811_ReadX	24	static
../Core/Src/stmpe811.c:393:10:TM_STMPE811_ReadY	24	static
